<html>
<body>
<pre>
<h1>µVision Build Log</h1>
<h2>Tool Versions:</h2>
IDE-Version: ¦ÌVision V5.24.2.0
Copyright (C) 2017 ARM Ltd and ARM Germany GmbH. All rights reserved.
License Information: s 3049503120@qq.com, d, LIC=GMZI6-DEG2R-DY5V3-AR3UH-UUXXG-YS47S
 
Tool Versions:
Toolchain:       MDK-ARM Plus  Version: 5.24.1
Toolchain Path:  D:\Program Files\Keil\ARM\ARMCC\Bin
C Compiler:      Armcc.exe V5.06 update 5 (build 528)
Assembler:       Armasm.exe V5.06 update 5 (build 528)
Linker/Locator:  ArmLink.exe V5.06 update 5 (build 528)
Library Manager: ArmAr.exe V5.06 update 5 (build 528)
Hex Converter:   FromElf.exe V5.06 update 5 (build 528)
CPU DLL:         SARMCM3.DLL V5.24.1
Dialog DLL:      DCM.DLL V1.16.0.0
Target DLL:      STLink\ST-LINKIII-KEIL_SWO.dll V3.0.1.0
Dialog DLL:      TCM.DLL V1.32.0.0
 
<h2>Project:</h2>
C:\Users\30495\Desktop\LocationProject\Project\LocationProject.uvprojx
Project File Date:  08/21/2025

<h2>Output:</h2>
*** Using Compiler 'V5.06 update 5 (build 528)', folder: 'D:\Program Files\Keil\ARM\ARMCC\Bin'
Rebuild target 'LocPro'
assembling startup_stm32f103xb.s...
compiling stm32f1xx_hal_cortex.c...
compiling stm32f1xx_hal.c...
compiling stm32f1xx_hal_dma.c...
compiling sys.c...
compiling stm32f1xx_hal_gpio.c...
compiling stm32f1xx_hal_rcc_ex.c...
compiling gpio.c...
compiling delay.c...
compiling usart.c...
compiling stm32f1xx_hal_uart.c...
compiling stm32f1xx_hal_gpio_ex.c...
compiling debug.c...
compiling stm32f1xx_hal_usart.c...
compiling stm32f1xx_hal_rcc.c...
compiling stm32f1xx_hal_i2c.c...
compiling main.c...
compiling stm32f1xx_it.c...
compiling system_stm32f1xx.c...
linking...
Program Size: Code=5386 RO-data=310 RW-data=24 ZI-data=1776  
FromELF: creating hex file...
"..\Output\LocationProject.axf" - 0 Error(s), 0 Warning(s).

<h2>Software Packages used:</h2>

Package Vendor: Keil
                http://www.keil.com/pack/Keil.STM32F1xx_DFP.2.2.0.pack
                Keil.STM32F1xx_DFP.2.2.0
                STMicroelectronics STM32F1 Series Device Support, Drivers and Examples

<h2>Collection of Component include folders:</h2>
  .\RTE\_LocPro
  D:\Program Files\Keil\ARM\PACK\Keil\STM32F1xx_DFP\2.2.0\Device\Include

<h2>Collection of Component Files used:</h2>
Build Time Elapsed:  00:00:02
</pre>
</body>
</html>
